// Jest Snapshot v1, https://goo.gl/fbAQLP

exports[`matches snapshot 1`] = `
<div>
  <nav
    className="navbar navbar-light bg-light"
  >
    <div
      className="container-fluid"
    >
      <a
        className="navbar-brand"
        href="/"
      >
        e-shop
      </a>
    </div>
  </nav>
</div>
`;
